******************************************************************************
                  TI ARM Linker PC v20.2.1                     
******************************************************************************
>> Linked Sun Mar  7 15:24:13 2021

OUTPUT FILE NAME:   <Lab4.out>
ENTRY POINT SYMBOL: "_c_int00_noargs"  address: 000045a5


MEMORY CONFIGURATION

         name            origin    length      used     unused   attr    fill
----------------------  --------  ---------  --------  --------  ----  --------
  FLASH                 00000000   00040000  00004954  0003b6ac  R  X
  SRAM                  20000000   00008000  0000235e  00005ca2  RW X


SEGMENT ALLOCATION MAP

run origin  load origin   length   init length attrs members
----------  ----------- ---------- ----------- ----- -------
00000000    00000000    00004958   00004958    r-x
  00000000    00000000    0000026c   0000026c    r-- .intvecs
  0000026c    0000026c    00004580   00004580    r-x .text
  000047ec    000047ec    00000118   00000118    r-- .const
  00004908    00004908    00000050   00000050    r-- .cinit
20000000    20000000    00002365   00000000    rw-
  20000000    20000000    0000026c   00000000    rw- .vtable
  20000270    20000270    00001000   00000000    rw- .stack
  20001270    20001270    00001000   00000000    rw- .sysmem
  20002270    20002270    000000b5   00000000    rw- .bss
  20002328    20002328    0000003d   00000000    rw- .data


SECTION ALLOCATION MAP

 output                                  attributes/
section   page    origin      length       input sections
--------  ----  ----------  ----------   ----------------
.intvecs   0    00000000    0000026c     
                  00000000    0000026c     tm4c123gh6pm_startup_ccs.obj (.intvecs)

.text      0    0000026c    00004580     
                  0000026c    00000c20     open_interface.obj (.text)
                  00000e8c    00000a4e     rtsv7M4_T_le_v4SPD16_eabi.lib : _printfi.c.obj (.text:__TI_printfi)
                  000018da    00000002                                   : _lock.c.obj (.text:_nop)
                  000018dc    000004ec     lab4.obj (.text)
                  00001dc8    00000328     lcd.obj (.text)
                  000020f0    00000270     rtsv7M4_T_le_v4SPD16_eabi.lib : _printfi.c.obj (.text:_pconv_a)
                  00002360    00000248     Timer.obj (.text)
                  000025a8    000001ec     libcybotFindObjects.lib : ping.obj (.text)
                  00002794    000001d4     movement.obj (.text)
                  00002968    000001d0     rtsv7M4_T_le_v4SPD16_eabi.lib : _printfi.c.obj (.text:_pconv_g)
                  00002b38    000001b6                                   : fd_add_t2.asm.obj (.text)
                  00002cee    00000002                                   : div0.asm.obj (.text)
                  00002cf0    0000015c     libcybotUART.lib : uart.obj (.text)
                  00002e4c    00000158     libcybotFindObjects.lib : cyBot_FindObjects.obj (.text)
                  00002fa4    0000014c     rtsv7M4_T_le_v4SPD16_eabi.lib : vla_alloc.c.obj (.text:__vla_alloc)
                  000030f0    0000013c                                   : _printfi.c.obj (.text:_pconv_e)
                  0000322c    00000136                                   : fd_div_t2.asm.obj (.text)
                  00003362    00000002     --HOLE-- [fill = 0]
                  00003364    00000124                                   : _printfi.c.obj (.text:fcvt)
                  00003488    00000124     libcybotFindObjects.lib : servo.obj (.text)
                  000035ac    00000118                             : ir.obj (.text)
                  000036c4    00000110     rtsv7M4_T_le_v4SPD16_eabi.lib : s_scalbn.c.obj (.text:scalbn)
                  000037d4    00000108                                   : memory.c.obj (.text:aligned_alloc)
                  000038dc    000000fc                                   : fd_mul_t2.asm.obj (.text)
                  000039d8    000000e4                                   : memory.c.obj (.text:free)
                  00003abc    000000e4                                   : memory.c.obj (.text:realloc)
                  00003ba0    000000b1                                   : _printfi.c.obj (.text:_ltostr)
                  00003c51    00000001     --HOLE-- [fill = 0]
                  00003c52    0000009c                                   : memcpy_t2.asm.obj (.text)
                  00003cee    00000096                                   : ull_div_t2.asm.obj (.text)
                  00003d84    00000086                                   : fd_cmp_t2.asm.obj (.text:__aeabi_cdcmple)
                  00003e0a    00000086                                   : fd_cmp_t2.asm.obj (.text:__aeabi_cdrcmple)
                  00003e90    0000007a                                   : memset_t2.asm.obj (.text)
                  00003f0a    00000002     --HOLE-- [fill = 0]
                  00003f0c    00000078                                   : vla_alloc.c.obj (.text:_ZN33_INTERNAL_11_vla_alloc_c_be8bd49b21free_dead_allocationsEPv)
                  00003f84    00000070                                   : vla_alloc.c.obj (.text:__vla_dealloc)
                  00003ff4    00000070                                   : memory.c.obj (.text:split)
                  00004064    0000006e                                   : _printfi.c.obj (.text:_mcpy)
                  000040d2    0000006e                                   : fd_tos_t2.asm.obj (.text)
                  00004140    00000068                                   : copy_decompress_lzss.c.obj (.text:decompress:lzss:__TI_decompress_lzss)
                  000041a8    00000064                                   : s_frexp.c.obj (.text:frexp)
                  0000420c    00000060     resetSimulation.obj (.text)
                  0000426c    00000056     rtsv7M4_T_le_v4SPD16_eabi.lib : _printfi.c.obj (.text:_pconv_f)
                  000042c2    00000054                                   : _ltoa.c.obj (.text:__TI_ltoa)
                  00004316    00000052                                   : _printfi.c.obj (.text:_ecpy)
                  00004368    0000004c                                   : atoi.c.obj (.text:atoi)
                  000043b4    00000048                                   : fd_toi_t2.asm.obj (.text)
                  000043fc    00000044                                   : autoinit.c.obj (.text:__TI_auto_init_nobinit_nopinit:__TI_auto_init_nobinit_nopinit)
                  00004440    00000040                                   : sprintf.c.obj (.text:sprintf)
                  00004480    00000040                                   : vsnprintf.c.obj (.text:vsnprintf)
                  000044c0    0000003e                                   : _printfi.c.obj (.text:_fcpy)
                  000044fe    00000002     --HOLE-- [fill = 0]
                  00004500    00000038                                   : memory.c.obj (.text:calloc)
                  00004538    00000038                                   : fs_tod_t2.asm.obj (.text)
                  00004570    00000034     driverlib.lib : interrupt.obj (.text:IntRegister)
                  000045a4    00000034     rtsv7M4_T_le_v4SPD16_eabi.lib : boot_cortex_m.c.obj (.text:_c_int00_noargs:_c_int00_noargs)
                  000045d8    00000030                                   : vsnprintf.c.obj (.text:_outs)
                  00004608    0000002e                                   : i_tofd_t2.asm.obj (.text)
                  00004636    00000002     --HOLE-- [fill = 0]
                  00004638    00000028                                   : memory.c.obj (.text:free_list_insert)
                  00004660    0000001c                                   : copy_zero_init.c.obj (.text:decompress:ZI:__TI_zero_init_nomemset:__TI_zero_init_nomemset)
                  0000467c    0000001c                                   : memory.c.obj (.text:free_list_remove)
                  00004698    0000001c                                   : memccpy.c.obj (.text:memccpy)
                  000046b4    0000001a                                   : s_copysign.c.obj (.text:copysign)
                  000046ce    00000018                                   : vsnprintf.c.obj (.text:_outc)
                  000046e6    00000018                                   : sprintf.c.obj (.text:_outs)
                  000046fe    00000018     open_interface.obj (.text:oi_parseInt)
                  00004716    00000018     rtsv7M4_T_le_v4SPD16_eabi.lib : strcmp.c.obj (.text:strcmp)
                  0000472e    00000016                                   : strchr.c.obj (.text:strchr)
                  00004744    00000014                                   : strcpy.c.obj (.text:strcpy)
                  00004758    00000014                                   : strlen.c.obj (.text:strlen)
                  0000476c    00000012                                   : wcslen.c.obj (.text:wcslen)
                  0000477e    00000010     driverlib.lib : interrupt.obj (.text:IntMasterEnable)
                  0000478e    00000010     lcd.obj (.text:lcd_clear)
                  0000479e    0000000e     rtsv7M4_T_le_v4SPD16_eabi.lib : copy_decompress_none.c.obj (.text:decompress:none:__TI_decompress_none)
                  000047ac    0000000c     driverlib.lib : cpu.obj (.text:CPUcpsie)
                  000047b8    0000000c     tm4c123gh6pm_startup_ccs.obj (.text)
                  000047c4    0000000a     rtsv7M4_T_le_v4SPD16_eabi.lib : sprintf.c.obj (.text:_outc)
                  000047ce    00000002     --HOLE-- [fill = 0]
                  000047d0    00000008                                   : errno.c.obj (.text:__aeabi_errno_addr)
                  000047d8    00000008                                   : memory.c.obj (.text:malloc)
                  000047e0    00000004                                   : error.c.obj (.text:__abort_execution)
                  000047e4    00000004                                   : pre_init.c.obj (.text:_system_pre_init)
                  000047e8    00000004                                   : exit.c.obj (.text:abort:abort)

.const     0    000047ec    00000118     
                  000047ec    00000101     rtsv7M4_T_le_v4SPD16_eabi.lib : ctype.c.obj (.const:.string:_ctypes_)
                  000048ed    0000000f     open_interface.obj (.const:.string:$P$T0$3)
                  000048fc    00000004     lcd.obj (.const:.string:lineAddress$1)
                  00004900    00000004     lcd.obj (.const:.string:lineAddresses$2)

.cinit     0    00004908    00000050     
                  00004908    00000019     (.cinit..data.load) [load image, compression = lzss]
                  00004921    00000003     --HOLE-- [fill = 0]
                  00004924    0000000c     (__TI_handler_table)
                  00004930    00000008     (.cinit..bss.load) [load image, compression = zero_init]
                  00004938    00000008     (.cinit..vtable.load) [load image, compression = zero_init]
                  00004940    00000018     (__TI_cinit_table)

.init_array 
*          0    00000000    00000000     UNINITIALIZED

.vtable    0    20000000    0000026c     UNINITIALIZED
                  20000000    0000026c     driverlib.lib : interrupt.obj (.vtable)

.stack     0    20000270    00001000     UNINITIALIZED
                  20000270    00000004     rtsv7M4_T_le_v4SPD16_eabi.lib : boot_cortex_m.c.obj (.stack)
                  20000274    00000ffc     --HOLE--

.sysmem    0    20001270    00001000     UNINITIALIZED
                  20001270    00000010     rtsv7M4_T_le_v4SPD16_eabi.lib : memory.c.obj (.sysmem)
                  20001280    00000ff0     --HOLE--

.bss       0    20002270    000000b5     UNINITIALIZED
                  20002270    00000054     lcd.obj (.bss:lastbuffer$3)
                  200022c4    00000034     (.common:isr_char_buffer)
                  200022f8    00000018     open_interface.obj (.bss:firmware$2)
                  20002310    00000004     (.common:_timeout_ticks)
                  20002314    00000004     (.common:fallingEdge)
                  20002318    00000004     (.common:isr_int_value)
                  2000231c    00000004     (.common:pulseLength)
                  20002320    00000004     (.common:risingEdge)
                  20002324    00000001     (.common:isRisingEdge)

.data      0    20002328    0000003d     UNINITIALIZED
                  20002328    00000020     open_interface.obj (.data)
                  20002348    00000008     rtsv7M4_T_le_v4SPD16_eabi.lib : _lock.c.obj (.data:$O1$$)
                  20002350    00000008                                   : memory.c.obj (.data:$O1$$)
                  20002358    00000004     libcybotUART.lib : uart.obj (.data)
                  2000235c    00000004     rtsv7M4_T_le_v4SPD16_eabi.lib : errno.c.obj (.data)
                  20002360    00000004                                   : vla_alloc.c.obj (.data)
                  20002364    00000001     Timer.obj (.data)

__llvm_prf_cnts 
*          0    20000000    00000000     UNINITIALIZED

MODULE SUMMARY

       Module                         code    ro data   rw data
       ------                         ----    -------   -------
    .\
       open_interface.obj             3128    15        56     
       lab4.obj                       1260    0         0      
       lcd.obj                        824     8         84     
       tm4c123gh6pm_startup_ccs.obj   12      620       0      
       Timer.obj                      584     0         5      
       movement.obj                   468     0         0      
       resetSimulation.obj            96      0         0      
    +--+------------------------------+-------+---------+---------+
       Total:                         6372    643       145    
                                                               
    ../libcybotFindObjects.lib
       ping.obj                       492     0         13     
       cyBot_FindObjects.obj          344     0         0      
       servo.obj                      292     0         0      
       ir.obj                         280     0         4      
    +--+------------------------------+-------+---------+---------+
       Total:                         1408    0         17     
                                                               
    ../libcybotUART.lib
       uart.obj                       348     0         56     
    +--+------------------------------+-------+---------+---------+
       Total:                         348     0         56     
                                                               
    C:/ti/TivaWare_C_Series-2.1.4.178/driverlib/ccs/Debug/driverlib.lib
       interrupt.obj                  68      0         620    
       cpu.obj                        12      0         0      
    +--+------------------------------+-------+---------+---------+
       Total:                         80      0         620    
                                                               
    C:\ti\ccs1010\ccs\tools\compiler\ti-cgt-arm_20.2.1.LTS\lib\rtsv7M4_T_le_v4SPD16_eabi.lib
       _printfi.c.obj                 4851    0         0      
       memory.c.obj                   964     0         8      
       vla_alloc.c.obj                564     0         4      
       fd_add_t2.asm.obj              438     0         0      
       fd_div_t2.asm.obj              310     0         0      
       s_scalbn.c.obj                 272     0         0      
       fd_cmp_t2.asm.obj              268     0         0      
       ctype.c.obj                    0       257       0      
       fd_mul_t2.asm.obj              252     0         0      
       memcpy_t2.asm.obj              156     0         0      
       ull_div_t2.asm.obj             150     0         0      
       vsnprintf.c.obj                136     0         0      
       memset_t2.asm.obj              122     0         0      
       fd_tos_t2.asm.obj              110     0         0      
       copy_decompress_lzss.c.obj     104     0         0      
       s_frexp.c.obj                  100     0         0      
       sprintf.c.obj                  98      0         0      
       _ltoa.c.obj                    84      0         0      
       atoi.c.obj                     76      0         0      
       fd_toi_t2.asm.obj              72      0         0      
       autoinit.c.obj                 68      0         0      
       fs_tod_t2.asm.obj              56      0         0      
       boot_cortex_m.c.obj            52      0         0      
       i_tofd_t2.asm.obj              46      0         0      
       copy_zero_init.c.obj           28      0         0      
       memccpy.c.obj                  28      0         0      
       s_copysign.c.obj               26      0         0      
       strcmp.c.obj                   24      0         0      
       strchr.c.obj                   22      0         0      
       strcpy.c.obj                   20      0         0      
       strlen.c.obj                   20      0         0      
       wcslen.c.obj                   18      0         0      
       copy_decompress_none.c.obj     14      0         0      
       errno.c.obj                    8       0         4      
       _lock.c.obj                    2       0         8      
       error.c.obj                    4       0         0      
       exit.c.obj                     4       0         0      
       pre_init.c.obj                 4       0         0      
       div0.asm.obj                   2       0         0      
    +--+------------------------------+-------+---------+---------+
       Total:                         9573    257       24     
                                                               
       Heap:                          0       0         4096   
       Stack:                         0       0         4096   
       Linker Generated:              0       77        0      
    +--+------------------------------+-------+---------+---------+
       Grand Total:                   17781   977       9054   


LINKER GENERATED COPY TABLES

__TI_cinit_table @ 00004940 records: 3, size/record: 8, table size: 24
	.data: load addr=00004908, load size=00000019 bytes, run addr=20002328, run size=0000003d bytes, compression=lzss
	.bss: load addr=00004930, load size=00000008 bytes, run addr=20002270, run size=000000b5 bytes, compression=zero_init
	.vtable: load addr=00004938, load size=00000008 bytes, run addr=20000000, run size=0000026c bytes, compression=zero_init


LINKER GENERATED HANDLER TABLE

__TI_handler_table @ 00004924 records: 3, size/record: 4, table size: 12
	index: 0, handler: __TI_zero_init
	index: 1, handler: __TI_decompress_lzss
	index: 2, handler: __TI_decompress_none


GLOBAL SYMBOLS: SORTED ALPHABETICALLY BY Name 

address   name                          
-------   ----                          
00003645  ADC0SS0_Handler               
000047e9  C$$EXIT                       
000047ad  CPUcpsie                      
00000bc3  GPIOF_Handler                 
0000477f  IntMasterEnable               
00004571  IntRegister                   
000047b9  ResetISR                      
00002699  TIMER3B_Handler               
20001270  __STACK_END                   
00001000  __STACK_SIZE                  
20000470  __STACK_TOP                   
00001000  __SYSMEM_SIZE                 
00004940  __TI_CINIT_Base               
00004958  __TI_CINIT_Limit              
00004924  __TI_Handler_Table_Base       
00004930  __TI_Handler_Table_Limit      
000043fd  __TI_auto_init_nobinit_nopinit
00004141  __TI_decompress_lzss          
0000479f  __TI_decompress_none          
000042c3  __TI_ltoa                     
ffffffff  __TI_pprof_out_hndl           
00000e8d  __TI_printfi                  
ffffffff  __TI_prof_data_size           
ffffffff  __TI_prof_data_start          
00000000  __TI_static_base__            
00004661  __TI_zero_init_nomemset       
000047e1  __abort_execution             
00003d85  __aeabi_cdcmpeq               
00003d85  __aeabi_cdcmple               
00003e0b  __aeabi_cdrcmple              
000040d3  __aeabi_d2f                   
000043b5  __aeabi_d2iz                  
00002b43  __aeabi_dadd                  
0000322d  __aeabi_ddiv                  
000038dd  __aeabi_dmul                  
00002b39  __aeabi_dsub                  
000047d1  __aeabi_errno_addr            
00004539  __aeabi_f2d                   
00004609  __aeabi_i2d                   
00002cef  __aeabi_idiv0                 
00002cef  __aeabi_ldiv0                 
00003e91  __aeabi_memclr                
00003e91  __aeabi_memclr4               
00003e91  __aeabi_memclr8               
00003c53  __aeabi_memcpy                
00003c53  __aeabi_memcpy4               
00003c53  __aeabi_memcpy8               
00003e93  __aeabi_memset                
00003e93  __aeabi_memset4               
00003e93  __aeabi_memset8               
00003cef  __aeabi_uldivmod              
ffffffff  __binit__                     
ffffffff  __c_args__                    
UNDEFED   __mpu_init                    
20000270  __stack                       
20000000  __start___llvm_prf_cnts       
20000000  __stop___llvm_prf_cnts        
00002fa5  __vla_alloc                   
00003f85  __vla_dealloc                 
000045a5  _c_int00_noargs               
000047ec  _ctypes_                      
20002348  _lock                         
000018db  _nop                          
20002364  _running                      
20001270  _sys_memory                   
UNDEFED   _system_post_cinit            
000047e5  _system_pre_init              
20002310  _timeout_ticks                
2000234c  _unlock                       
000047e9  abort                         
000037d5  aligned_alloc                 
00004369  atoi                          
ffffffff  binit                         
00004501  calloc                        
000046b5  copysign                      
000046b5  copysignl                     
00002f63  cyBOT_Scan                    
00002f53  cyBOT_init_Scan               
00002e4d  cyBot_FindObjects             
00002df9  cyBot_UART1_Handler           
00002ddf  cyBot_getByte                 
00002cf1  cyBot_sendByte                
00002dc1  cyBot_uart_flush              
00002d2f  cyBot_uart_init               
00002d17  cyBot_uart_sendBuffer         
00002cfd  cyBot_uart_sendStr            
2000235c  errno                         
20002314  fallingEdge                   
0000191b  findObjects                   
000039d9  free                          
000041a9  frexp                         
000041a9  frexpl                        
20000000  g_pfnRAMVectors               
00000000  g_pfnVectors                  
0000097f  go_charge                     
0000365b  ir_enableInterrupt            
0000363d  ir_getDistance                
00003615  ir_getValue                   
000035ad  ir_init                       
20002324  isRisingEdge                  
200022c4  isr_char_buffer               
20002358  isr_counter                   
20002318  isr_int_value                 
0000478f  lcd_clear                     
00001f9d  lcd_gotoLine                  
00001e05  lcd_init                      
00002003  lcd_printf                    
00001ec5  lcd_putc                      
00001efd  lcd_puts                      
00001dc9  lcd_reverseNibble             
00001f1b  lcd_sendCommand               
00001f59  lcd_sendNibble                
00001fc5  lcd_setCursorPos              
000036c5  ldexp                         
000036c5  ldexpl                        
00001c7f  main                          
000047d9  malloc                        
000037d5  memalign                      
00004699  memccpy                       
00003c53  memcpy                        
00003e99  memset                        
20002328  motor_cal_factor_L            
2000232c  motor_cal_factor_R            
0000281b  move_backward                 
00002795  move_forward                  
00001b05  move_to                       
0000026d  oi_alloc                      
00000aa9  oi_checkFirmware              
000002c7  oi_close                      
00000279  oi_free                       
00000ded  oi_getMotorCalibrationLeft    
00000e01  oi_getMotorCalibrationRight   
000002b1  oi_init                       
00000289  oi_init_noupdate              
00000915  oi_loadSong                   
000046ff  oi_parseInt                   
0000032b  oi_parsePacket                
0000096b  oi_play_song                  
0000084b  oi_setLeds                    
00000db1  oi_setMotorCalibration        
0000088f  oi_setWheels                  
00000b51  oi_shutoff_init               
0000098d  oi_uartInit                   
00000a31  oi_uartReceive                
00000a77  oi_uartSendBuff               
00000a15  oi_uartSendChar               
00000a59  oi_uartSendStr                
000002d9  oi_update                     
000026eb  ping_getDistance              
000025a9  ping_init                     
0000262f  ping_trigger                  
2000231c  pulseLength                   
00003abd  realloc                       
0000420d  resetSimulationBoard          
20002320  risingEdge                    
000036c5  scalbn                        
000036c5  scalbnl                       
000018dd  sendLine                      
00001a3b  sendObjectList                
00003489  servo_init                    
0000350d  servo_move                    
00003557  servo_setPWM                  
00003501  servo_stop                    
00004441  sprintf                       
0000472f  strchr                        
00004717  strcmp                        
00004745  strcpy                        
00004759  strlen                        
0000247f  timer_getMicros               
00002427  timer_getMillis               
00002361  timer_init                    
00002403  timer_pause                   
00002415  timer_resume                  
000023d9  timer_stop                    
000024d9  timer_waitMicros              
0000250b  timer_waitMillis              
000028ed  turn_left                     
00002887  turn_right                    
00001abf  turn_to                       
00004481  vsnprintf                     
0000476d  wcslen                        


GLOBAL SYMBOLS: SORTED BY Symbol Address 

address   name                          
-------   ----                          
00000000  __TI_static_base__            
00000000  g_pfnVectors                  
0000026d  oi_alloc                      
00000279  oi_free                       
00000289  oi_init_noupdate              
000002b1  oi_init                       
000002c7  oi_close                      
000002d9  oi_update                     
0000032b  oi_parsePacket                
0000084b  oi_setLeds                    
0000088f  oi_setWheels                  
00000915  oi_loadSong                   
0000096b  oi_play_song                  
0000097f  go_charge                     
0000098d  oi_uartInit                   
00000a15  oi_uartSendChar               
00000a31  oi_uartReceive                
00000a59  oi_uartSendStr                
00000a77  oi_uartSendBuff               
00000aa9  oi_checkFirmware              
00000b51  oi_shutoff_init               
00000bc3  GPIOF_Handler                 
00000db1  oi_setMotorCalibration        
00000ded  oi_getMotorCalibrationLeft    
00000e01  oi_getMotorCalibrationRight   
00000e8d  __TI_printfi                  
00001000  __STACK_SIZE                  
00001000  __SYSMEM_SIZE                 
000018db  _nop                          
000018dd  sendLine                      
0000191b  findObjects                   
00001a3b  sendObjectList                
00001abf  turn_to                       
00001b05  move_to                       
00001c7f  main                          
00001dc9  lcd_reverseNibble             
00001e05  lcd_init                      
00001ec5  lcd_putc                      
00001efd  lcd_puts                      
00001f1b  lcd_sendCommand               
00001f59  lcd_sendNibble                
00001f9d  lcd_gotoLine                  
00001fc5  lcd_setCursorPos              
00002003  lcd_printf                    
00002361  timer_init                    
000023d9  timer_stop                    
00002403  timer_pause                   
00002415  timer_resume                  
00002427  timer_getMillis               
0000247f  timer_getMicros               
000024d9  timer_waitMicros              
0000250b  timer_waitMillis              
000025a9  ping_init                     
0000262f  ping_trigger                  
00002699  TIMER3B_Handler               
000026eb  ping_getDistance              
00002795  move_forward                  
0000281b  move_backward                 
00002887  turn_right                    
000028ed  turn_left                     
00002b39  __aeabi_dsub                  
00002b43  __aeabi_dadd                  
00002cef  __aeabi_idiv0                 
00002cef  __aeabi_ldiv0                 
00002cf1  cyBot_sendByte                
00002cfd  cyBot_uart_sendStr            
00002d17  cyBot_uart_sendBuffer         
00002d2f  cyBot_uart_init               
00002dc1  cyBot_uart_flush              
00002ddf  cyBot_getByte                 
00002df9  cyBot_UART1_Handler           
00002e4d  cyBot_FindObjects             
00002f53  cyBOT_init_Scan               
00002f63  cyBOT_Scan                    
00002fa5  __vla_alloc                   
0000322d  __aeabi_ddiv                  
00003489  servo_init                    
00003501  servo_stop                    
0000350d  servo_move                    
00003557  servo_setPWM                  
000035ad  ir_init                       
00003615  ir_getValue                   
0000363d  ir_getDistance                
00003645  ADC0SS0_Handler               
0000365b  ir_enableInterrupt            
000036c5  ldexp                         
000036c5  ldexpl                        
000036c5  scalbn                        
000036c5  scalbnl                       
000037d5  aligned_alloc                 
000037d5  memalign                      
000038dd  __aeabi_dmul                  
000039d9  free                          
00003abd  realloc                       
00003c53  __aeabi_memcpy                
00003c53  __aeabi_memcpy4               
00003c53  __aeabi_memcpy8               
00003c53  memcpy                        
00003cef  __aeabi_uldivmod              
00003d85  __aeabi_cdcmpeq               
00003d85  __aeabi_cdcmple               
00003e0b  __aeabi_cdrcmple              
00003e91  __aeabi_memclr                
00003e91  __aeabi_memclr4               
00003e91  __aeabi_memclr8               
00003e93  __aeabi_memset                
00003e93  __aeabi_memset4               
00003e93  __aeabi_memset8               
00003e99  memset                        
00003f85  __vla_dealloc                 
000040d3  __aeabi_d2f                   
00004141  __TI_decompress_lzss          
000041a9  frexp                         
000041a9  frexpl                        
0000420d  resetSimulationBoard          
000042c3  __TI_ltoa                     
00004369  atoi                          
000043b5  __aeabi_d2iz                  
000043fd  __TI_auto_init_nobinit_nopinit
00004441  sprintf                       
00004481  vsnprintf                     
00004501  calloc                        
00004539  __aeabi_f2d                   
00004571  IntRegister                   
000045a5  _c_int00_noargs               
00004609  __aeabi_i2d                   
00004661  __TI_zero_init_nomemset       
00004699  memccpy                       
000046b5  copysign                      
000046b5  copysignl                     
000046ff  oi_parseInt                   
00004717  strcmp                        
0000472f  strchr                        
00004745  strcpy                        
00004759  strlen                        
0000476d  wcslen                        
0000477f  IntMasterEnable               
0000478f  lcd_clear                     
0000479f  __TI_decompress_none          
000047ad  CPUcpsie                      
000047b9  ResetISR                      
000047d1  __aeabi_errno_addr            
000047d9  malloc                        
000047e1  __abort_execution             
000047e5  _system_pre_init              
000047e9  C$$EXIT                       
000047e9  abort                         
000047ec  _ctypes_                      
00004924  __TI_Handler_Table_Base       
00004930  __TI_Handler_Table_Limit      
00004940  __TI_CINIT_Base               
00004958  __TI_CINIT_Limit              
20000000  __start___llvm_prf_cnts       
20000000  __stop___llvm_prf_cnts        
20000000  g_pfnRAMVectors               
20000270  __stack                       
20000470  __STACK_TOP                   
20001270  __STACK_END                   
20001270  _sys_memory                   
200022c4  isr_char_buffer               
20002310  _timeout_ticks                
20002314  fallingEdge                   
20002318  isr_int_value                 
2000231c  pulseLength                   
20002320  risingEdge                    
20002324  isRisingEdge                  
20002328  motor_cal_factor_L            
2000232c  motor_cal_factor_R            
20002348  _lock                         
2000234c  _unlock                       
20002358  isr_counter                   
2000235c  errno                         
20002364  _running                      
ffffffff  __TI_pprof_out_hndl           
ffffffff  __TI_prof_data_size           
ffffffff  __TI_prof_data_start          
ffffffff  __binit__                     
ffffffff  __c_args__                    
ffffffff  binit                         
UNDEFED   __mpu_init                    
UNDEFED   _system_post_cinit            

[181 symbols]
